Pieces\HIL1000.smp
Pieces\HIL1001.smp
Pieces\HIL1002.smp
Pieces\HIL1003.smp
Pieces\HIL1004.smp
Pieces\HIL1005.smp
Pieces\HIL1006.smp
Pieces\HIL1007.smp
Pieces\HIL1008.smp
Pieces\HIL1009.smp
Pieces\HIL1010.smp
Pieces\HIL1011.smp
Pieces\HIL1012.smp
Pieces\HIL1013.smp

Pieces\HIL1_000.smp
Pieces\HIL1_001.smp
Pieces\HIL1_002.smp
Pieces\HIL1_003.smp
Pieces\HIL1_004.smp
Pieces\HIL1_005.smp
Pieces\HIL1_006.smp
Pieces\HIL1_007.smp
Pieces\HIL1_008.smp
Pieces\HIL1_009.smp
Pieces\HIL1_010.smp
Pieces\HIL1_011.smp
Pieces\HIL1_012.smp
Pieces\HIL1_013.smp
Pieces\HIL1_014.smp
Pieces\HIL1_015.smp
Pieces\HIL1_016.smp
Pieces\HIL1_017.smp

Pieces\LOW_ABY_000.smp
Pieces\LOW_ABY_001.smp
Pieces\LOW_ABY_002.smp
Pieces\LOW_ABY_003.smp
Pieces\LOW_ABY_004.smp
Pieces\LOW_ABY_005.smp
Pieces\LOW_ABY_006.smp

Pieces\FOR1_000.smp
Pieces\FOR1_001.smp
Pieces\FOR1_002.smp
Pieces\FOR1_003.smp
Pieces\FOR1_004.smp
Pieces\FOR1_005.smp
Pieces\FOR1_006.smp
Pieces\FOR1_007.smp
Pieces\FOR1_008.smp
Pieces\FOR1_009.smp
Pieces\FOR1_010.smp
Pieces\FOR1_011.smp
Pieces\FOR1_012.smp
Pieces\FOR1_013.smp
Pieces\FOR1_014.smp
Pieces\FOR1_015.smp
Pieces\FOR1_016.smp
Pieces\FOR1_017.smp
Pieces\FOR1_018.smp
Pieces\FOR1_019.smp
Pieces\FOR1_020.smp
Pieces\FOR1_021.smp
Pieces\FOR1_022.smp
Pieces\FOR1_023.smp
Pieces\FOR1_024.smp
Pieces\FOR1_025.smp
Pieces\FOR1_026.smp
Pieces\FOR1_027.smp
Pieces\FOR1_034.smp

Pieces\PLN_0_000.smp
Pieces\PLN_0_001.smp
Pieces\PLN_0_002.smp
Pieces\PLN_0_003.smp
Pieces\PLN_0_004.smp
Pieces\PLN_0_005.smp
Pieces\PLN_0_006.smp
Pieces\PLN_0_007.smp
Pieces\PLN_0_008.smp
Pieces\PLN_0_009.smp
Pieces\PLN_0_010.smp
Pieces\PLN_0_011.smp
Pieces\PLN_0_012.smp
Pieces\PLN_0_013.smp
Pieces\PLN_0_014.smp
Pieces\PLN_0_015.smp
Pieces\PLN_0_016.smp
Pieces\PLN_0_017.smp
Pieces\PLN_0_018.smp

Pieces\NEW_HILL_0_000.smp
Pieces\NEW_HILL_0_001.smp
Pieces\NEW_HILL_0_002.smp
Pieces\NEW_HILL_0_003.smp
Pieces\NEW_HILL_0_004.smp
Pieces\NEW_HILL_0_005.smp
Pieces\NEW_HILL_0_006.smp
Pieces\NEW_HILL_0_007.smp
Pieces\NEW_HILL_0_008.smp
Pieces\NEW_HILL_0_009.smp
Pieces\NEW_HILL_0_010.smp
Pieces\NEW_HILL_0_011.smp
Pieces\NEW_HILL_0_012.smp
Pieces\NEW_HILL_0_013.smp
Pieces\NEW_HILL_0_014.smp
Pieces\NEW_HILL_0_015.smp
Pieces\NEW_HILL_0_016.smp
Pieces\NEW_HILL_0_017.smp
Pieces\NEW_HILL_0_018.smp
Pieces\NEW_HILL_0_019.smp
Pieces\NEW_HILL_0_020.smp

Pieces\HIL2_000.smp
Pieces\HIL2_001.smp
Pieces\HIL2_002.smp
Pieces\HIL2_004.smp
Pieces\HIL2_005.smp
Pieces\HIL2_006.smp
Pieces\HIL2_007.smp
Pieces\HIL2_008.smp
Pieces\HIL2_009.smp
Pieces\HIL2_010.smp
Pieces\HIL2_011.smp
Pieces\HIL2_012.smp
Pieces\HIL2_013.smp
Pieces\HIL2_014.smp
Pieces\HIL2_015.smp
Pieces\HIL2_016.smp
Pieces\HIL2_017.smp

Pieces\NEW_FOREST_0_000.smp
Pieces\NEW_FOREST_0_001.smp
Pieces\NEW_FOREST_0_002.smp
Pieces\NEW_FOREST_0_003.smp
Pieces\NEW_FOREST_0_004.smp
Pieces\NEW_FOREST_0_005.smp
Pieces\NEW_FOREST_0_006.smp
Pieces\NEW_FOREST_0_007.smp
Pieces\NEW_FOREST_0_008.smp
Pieces\NEW_FOREST_0_009.smp
Pieces\NEW_FOREST_0_010.smp
Pieces\NEW_FOREST_0_011.smp
Pieces\NEW_FOREST_0_012.smp
Pieces\NEW_FOREST_0_013.smp
Pieces\NEW_FOREST_0_014.smp
Pieces\NEW_FOREST_0_015.smp
Pieces\NEW_FOREST_0_016.smp
Pieces\NEW_FOREST_0_017.smp
Pieces\NEW_FOREST_0_018.smp
Pieces\NEW_FOREST_0_019.smp
Pieces\NEW_FOREST_0_020.smp
Pieces\NEW_FOREST_0_021.smp
Pieces\NEW_FOREST_0_022.smp
Pieces\NEW_FOREST_0_023.smp
Pieces\NEW_FOREST_0_024.smp
Pieces\NEW_FOREST_0_025.smp
Pieces\NEW_FOREST_0_026.smp
Pieces\NEW_FOREST_0_027.smp
Pieces\NEW_FOREST_0_028.smp
Pieces\NEW_FOREST_0_029.smp
Pieces\NEW_FOREST_0_030.smp
Pieces\NEW_FOREST_0_031.smp
Pieces\NEW_FOREST_0_032.smp
Pieces\NEW_FOREST_0_033.smp

Pieces\NEW_STONES_0_000.smp
Pieces\NEW_STONES_0_001.smp
Pieces\NEW_STONES_0_002.smp
Pieces\NEW_STONES_0_003.smp
Pieces\NEW_STONES_0_004.smp
Pieces\NEW_STONES_0_005.smp
Pieces\NEW_STONES_0_006.smp
Pieces\NEW_STONES_0_007.smp
Pieces\NEW_STONES_0_008.smp
Pieces\NEW_STONES_0_009.smp
Pieces\NEW_STONES_0_010.smp
Pieces\NEW_STONES_0_011.smp
Pieces\NEW_STONES_0_012.smp
Pieces\NEW_STONES_0_013.smp
Pieces\NEW_STONES_0_014.smp
Pieces\NEW_STONES_0_015.smp
Pieces\NEW_STONES_0_016.smp
Pieces\NEW_STONES_0_017.smp
Pieces\NEW_STONES_0_018.smp
Pieces\NEW_STONES_0_019.smp
Pieces\NEW_STONES_0_020.smp
Pieces\NEW_STONES_0_021.smp
Pieces\NEW_STONES_0_022.smp
Pieces\NEW_STONES_0_023.smp
Pieces\NEW_STONES_0_024.smp
Pieces\NEW_STONES_0_025.smp
Pieces\NEW_STONES_0_026.smp
Pieces\NEW_STONES_0_027.smp
Pieces\NEW_STONES_0_028.smp
Pieces\NEW_STONES_0_029.smp
Pieces\NEW_STONES_0_030.smp
Pieces\NEW_STONES_0_031.smp
Pieces\NEW_STONES_0_032.smp
Pieces\NEW_STONES_0_033.smp
Pieces\NEW_STONES_0_034.smp
Pieces\NEW_STONES_0_035.smp
Pieces\NEW_STONES_0_036.smp
Pieces\NEW_STONES_0_037.smp
Pieces\NEW_STONES_0_038.smp
Pieces\NEW_STONES_0_039.smp
Pieces\NEW_STONES_0_040.smp
Pieces\NEW_STONES_0_041.smp
Pieces\NEW_STONES_0_042.smp
Pieces\NEW_STONES_0_043.smp
Pieces\NEW_STONES_0_044.smp
Pieces\NEW_STONES_0_045.smp
Pieces\NEW_STONES_0_046.smp
Pieces\NEW_STONES_0_047.smp
Pieces\NEW_STONES_0_048.smp
Pieces\NEW_STONES_0_049.smp
Pieces\NEW_STONES_0_050.smp
Pieces\NEW_STONES_0_051.smp
Pieces\NEW_STONES_0_052.smp
Pieces\NEW_STONES_0_053.smp
Pieces\NEW_STONES_0_054.smp
Pieces\NEW_STONES_0_055.smp
Pieces\NEW_STONES_0_056.smp
Pieces\NEW_STONES_0_057.smp
Pieces\NEW_STONES_0_058.smp
Pieces\NEW_STONES_0_059.smp
Pieces\NEW_STONES_0_060.smp
Pieces\NEW_STONES_0_061.smp
Pieces\NEW_STONES_0_062.smp
Pieces\NEW_STONES_0_063.smp
Pieces\NEW_STONES_0_064.smp
Pieces\NEW_STONES_0_065.smp
Pieces\NEW_STONES_0_066.smp
Pieces\NEW_STONES_0_067.smp
Pieces\NEW_STONES_0_068.smp
Pieces\NEW_STONES_0_069.smp
Pieces\NEW_STONES_0_070.smp
Pieces\NEW_STONES_0_071.smp
Pieces\NEW_STONES_0_072.smp
Pieces\NEW_STONES_0_073.smp
Pieces\NEW_STONES_0_074.smp
Pieces\NEW_STONES_0_075.smp
Pieces\NEW_STONES_0_076.smp
Pieces\NEW_STONES_0_077.smp
Pieces\NEW_STONES_0_078.smp
Pieces\NEW_STONES_0_079.smp
Pieces\NEW_STONES_0_080.smp
Pieces\NEW_STONES_0_081.smp
Pieces\NEW_STONES_0_082.smp
Pieces\NEW_STONES_0_083.smp
Pieces\NEW_STONES_0_084.smp
Pieces\NEW_STONES_0_085.smp
