Pieces\STNN0000.smp
Pieces\STNN0001.smp
Pieces\STNN0002.smp
Pieces\STNN0003.smp
Pieces\STNN0004.smp
Pieces\STNN0005.smp
Pieces\STNN0006.smp
Pieces\STNN0007.smp
Pieces\STNN0008.smp
Pieces\STNN0009.smp
Pieces\STNN0010.smp
Pieces\STNN0011.smp
Pieces\STNN0012.smp
Pieces\STNN0013.smp
Pieces\STNN0014.smp
Pieces\STNN0015.smp
Pieces\STNN0016.smp
Pieces\STNN0017.smp
Pieces\STNN0018.smp
Pieces\STNN0019.smp
Pieces\STNN0020.smp
Pieces\STNN0021.smp
Pieces\STNN0022.smp
Pieces\STNN0023.smp
Pieces\STNN0024.smp
Pieces\STNN0025.smp
Pieces\STNN0026.smp
Pieces\STNN0027.smp
Pieces\STNN0028.smp
Pieces\STNN0029.smp
Pieces\STNN0030.smp
Pieces\STNN0031.smp
Pieces\STNN0032.smp
Pieces\STNN0033.smp
Pieces\STNN0034.smp
Pieces\STNN0035.smp
Pieces\STNN0036.smp
Pieces\STNN0037.smp
Pieces\STNN0038.smp
Pieces\STNN0039.smp
Pieces\STNN0040.smp
Pieces\STNN0041.smp
Pieces\STNN0042.smp
Pieces\STNN0043.smp
Pieces\STNN0044.smp
Pieces\STNN0045.smp
Pieces\STNN0046.smp
Pieces\STNN0047.smp
Pieces\STNN0048.smp
Pieces\STNN0049.smp
Pieces\STNN0050.smp
Pieces\STNN0051.smp
Pieces\STNN0052.smp
Pieces\STNN0053.smp
Pieces\STNN0054.smp
Pieces\STNN0055.smp
Pieces\STNN0056.smp
Pieces\STNN0057.smp
Pieces\STNN0058.smp
Pieces\STNN0059.smp
Pieces\STNN0060.smp
Pieces\STNN0061.smp
Pieces\STNN0062.smp
Pieces\STNN0063.smp
Pieces\STNN0064.smp
Pieces\STNN0065.smp
Pieces\STNN0066.smp
Pieces\STNN0067.smp
Pieces\STNN0068.smp
Pieces\STNN0069.smp
Pieces\STNN0070.smp
Pieces\STNN0071.smp
Pieces\STNN0072.smp
Pieces\STNN0073.smp
Pieces\STNN0074.smp
Pieces\STNN0075.smp
Pieces\STNN0076.smp
Pieces\STNN0077.smp
Pieces\STNN0078.smp
Pieces\STNN0079.smp
Pieces\STNN0080.smp
Pieces\STNN0081.smp
Pieces\STNN0082.smp
Pieces\STNN0083.smp
Pieces\STNN0084.smp
Pieces\STNN0085.smp
Pieces\STNN0086.smp
