22
BAVARIA         Bavaria          BAVARIA.NDS    #TX 143 137     (BA) (ba)
DENMARK         Denmark          DENMARK.NDS    #TX 143 137     (DA) (da)
AUSTRIA		Austria          AUSTRIA.NDS    #TX 143 137     (au) (AU)
ALGIR		Algeria          ALGIR.NDS      #TX 17 93	(al) (AL)
ENGLAND		England	         ENGLAND.NDS    #TX 143 137     (en) (EN)
FRANCE		France	         FRANCE.NDS     #TX 143 137	(fr) (FR)
GERMAN		Prussia	         GERMAN.NDS     #TX 143 137	(ge) (GE)
HOLLAND		Netherlands      HOLLAND.NDS    #TX 143 137	(ho) (HO)
PIEMONT		Piemonte         PIEMONT.NDS    #TX 110 138	(pi) (PI)
POLAND		Poland   	 POLAND.NDS     #TX 143 137	(pl) (PL)
PORTUGALIA	Portugal	 PORTUGALIA.NDS #TX 110 138 	(po) (PO)
RUSSIA		Russia           RUSSIA.NDS     #TX 143 137     (ru) (RU)
SAKSINIA	Saxony 		 SAKSINIA.NDS   #TX 143 137	(sa) (SA)
SPAIN		Spain	         SPAIN.NDS      #TX 110 138	(sp) (SP)
SVEDEN		Sweden	         SVEDEN.NDS     #TX 143 137	(sv) (SV)
TURKISH		Turkey           TURKISH.NDS    #TX 17 93	(tu) (TU)
UKRAINE		Ukraine          UKRAINE.NDS    		(ua) (UA)
VENECIA		Venice	         VENECIA.NDS    #TX 110 138	(ve) (VE)
VENGRIA		Vengria          VENGRIA.NDS    #TX 110 138	(VG) (VG)
SWITZERLAND	Switzerland      SWITZERLAND.NDS    #TX 143 137	(SW) (SW)
UNIQ            Originals        UNIQ.nds                       (un) (UN)
NAEMNICS        Merchantry	 NAEMNICS.NDS			(dip) (DIP)
NEWBOATS        NEWBOATS         NEWBOATS.NDS                   (NB) (nb)
